Archive member included because of file (symbol)

c:/winavr/bin/../lib/gcc/avr/4.3.3/avr5\libgcc.a(_udivmodqi4.o)
                              USART.o (__udivmodqi4)
c:/winavr/bin/../lib/gcc/avr/4.3.3/avr5\libgcc.a(_exit.o)
                              c:/winavr/bin/../lib/gcc/avr/4.3.3/../../../../avr/lib/avr5/crtm16.o (exit)
c:/winavr/bin/../lib/gcc/avr/4.3.3/avr5\libgcc.a(_copy_data.o)
                              traktor2012v000010.o (__do_copy_data)
c:/winavr/bin/../lib/gcc/avr/4.3.3/avr5\libgcc.a(_clear_bss.o)
                              traktor2012v000010.o (__do_clear_bss)

Allocating common symbols
Common symbol       size              file

DAC_Buf             0x3               traktor2012v000010.o
UART_Rx_Buf         0x5               traktor2012v000010.o
Unfiltered_values   0x8               traktor2012v000010.o

Memory Configuration

Name             Origin             Length             Attributes
text             0x00000000         0x00020000         xr
data             0x00800060         0x0000ffa0         rw !x
eeprom           0x00810000         0x00010000         rw !x
fuse             0x00820000         0x00000400         rw !x
lock             0x00830000         0x00000400         rw !x
signature        0x00840000         0x00000400         rw !x
*default*        0x00000000         0xffffffff

Linker script and memory map

LOAD c:/winavr/bin/../lib/gcc/avr/4.3.3/../../../../avr/lib/avr5/crtm16.o
LOAD traktor2012v000010.o
LOAD USART.o
LOAD ADC.o
LOAD c:/winavr/bin/../lib/gcc/avr/4.3.3/../../../../avr/lib/avr5\libm.a
LOAD c:/winavr/bin/../lib/gcc/avr/4.3.3/avr5\libgcc.a
LOAD c:/winavr/bin/../lib/gcc/avr/4.3.3/../../../../avr/lib/avr5\libc.a
LOAD c:/winavr/bin/../lib/gcc/avr/4.3.3/avr5\libgcc.a

.hash
 *(.hash)

.dynsym
 *(.dynsym)

.dynstr
 *(.dynstr)

.gnu.version
 *(.gnu.version)

.gnu.version_d
 *(.gnu.version_d)

.gnu.version_r
 *(.gnu.version_r)

.rel.init
 *(.rel.init)

.rela.init
 *(.rela.init)

.rel.text
 *(.rel.text)
 *(.rel.text.*)
 *(.rel.gnu.linkonce.t*)

.rela.text
 *(.rela.text)
 *(.rela.text.*)
 *(.rela.gnu.linkonce.t*)

.rel.fini
 *(.rel.fini)

.rela.fini
 *(.rela.fini)

.rel.rodata
 *(.rel.rodata)
 *(.rel.rodata.*)
 *(.rel.gnu.linkonce.r*)

.rela.rodata
 *(.rela.rodata)
 *(.rela.rodata.*)
 *(.rela.gnu.linkonce.r*)

.rel.data
 *(.rel.data)
 *(.rel.data.*)
 *(.rel.gnu.linkonce.d*)

.rela.data
 *(.rela.data)
 *(.rela.data.*)
 *(.rela.gnu.linkonce.d*)

.rel.ctors
 *(.rel.ctors)

.rela.ctors
 *(.rela.ctors)

.rel.dtors
 *(.rel.dtors)

.rela.dtors
 *(.rela.dtors)

.rel.got
 *(.rel.got)

.rela.got
 *(.rela.got)

.rel.bss
 *(.rel.bss)

.rela.bss
 *(.rela.bss)

.rel.plt
 *(.rel.plt)

.rela.plt
 *(.rela.plt)

.text           0x00000000      0xa14
 *(.vectors)
 .vectors       0x00000000       0x54 c:/winavr/bin/../lib/gcc/avr/4.3.3/../../../../avr/lib/avr5/crtm16.o
                0x00000000                __vectors
                0x00000000                __vector_default
 *(.vectors)
 *(.progmem.gcc*)
 *(.progmem*)
                0x00000054                . = ALIGN (0x2)
                0x00000054                __trampolines_start = .
 *(.trampolines)
 .trampolines   0x00000054        0x0 linker stubs
 *(.trampolines*)
                0x00000054                __trampolines_end = .
 *(.jumptables)
 *(.jumptables*)
 *(.lowtext)
 *(.lowtext*)
                0x00000054                __ctors_start = .
 *(.ctors)
                0x00000054                __ctors_end = .
                0x00000054                __dtors_start = .
 *(.dtors)
                0x00000054                __dtors_end = .
 SORT(*)(.ctors)
 SORT(*)(.dtors)
 *(.init0)
 .init0         0x00000054        0x0 c:/winavr/bin/../lib/gcc/avr/4.3.3/../../../../avr/lib/avr5/crtm16.o
                0x00000054                __init
 *(.init0)
 *(.init1)
 *(.init1)
 *(.init2)
 .init2         0x00000054        0xc c:/winavr/bin/../lib/gcc/avr/4.3.3/../../../../avr/lib/avr5/crtm16.o
 *(.init2)
 *(.init3)
 *(.init3)
 *(.init4)
 .init4         0x00000060       0x16 c:/winavr/bin/../lib/gcc/avr/4.3.3/avr5\libgcc.a(_copy_data.o)
                0x00000060                __do_copy_data
 .init4         0x00000076       0x10 c:/winavr/bin/../lib/gcc/avr/4.3.3/avr5\libgcc.a(_clear_bss.o)
                0x00000076                __do_clear_bss
 *(.init4)
 *(.init5)
 *(.init5)
 *(.init6)
 *(.init6)
 *(.init7)
 *(.init7)
 *(.init8)
 *(.init8)
 *(.init9)
 .init9         0x00000086        0x8 c:/winavr/bin/../lib/gcc/avr/4.3.3/../../../../avr/lib/avr5/crtm16.o
 *(.init9)
 *(.text)
 .text          0x0000008e        0x4 c:/winavr/bin/../lib/gcc/avr/4.3.3/../../../../avr/lib/avr5/crtm16.o
                0x0000008e                __vector_1
                0x0000008e                __vector_12
                0x0000008e                __bad_interrupt
                0x0000008e                __vector_6
                0x0000008e                __vector_3
                0x0000008e                __vector_13
                0x0000008e                __vector_17
                0x0000008e                __vector_19
                0x0000008e                __vector_7
                0x0000008e                __vector_5
                0x0000008e                __vector_4
                0x0000008e                __vector_2
                0x0000008e                __vector_15
                0x0000008e                __vector_8
                0x0000008e                __vector_14
                0x0000008e                __vector_10
                0x0000008e                __vector_16
                0x0000008e                __vector_18
                0x0000008e                __vector_20
 .text          0x00000092      0x7a0 traktor2012v000010.o
                0x00000300                Received_Command
                0x000001cc                EEPROM_read
                0x000002c6                initTimerOverflow
                0x000001ea                Pause
                0x000001ec                DAC
                0x000000e6                __vector_11
                0x000002ba                SPI_Transmit
                0x0000029e                SPI_MasterInit
                0x00000728                main
                0x00000092                __vector_9
                0x000002dc                initPWM
                0x000002a8                SPI_MasterTransmit
                0x000001da                EEPROM_write
 .text          0x00000832       0xa4 USART.o
                0x000008ce                USART_Getchar
                0x00000846                Term_Send_Buffer
                0x00000868                Term_Send_Value_as_Digits
                0x00000832                USART_Init
                0x000008a2                USART_Transmit
                0x000008aa                USART_TransmitString
                0x0000083c                USART_Init_Getchar
 .text          0x000008d6      0x122 ADC.o
                0x0000097a                getADCch1
                0x00000932                readADC
                0x000009da                readADC10bit
                0x000008d6                ADC_init
                0x00000960                getADCch0
                0x00000904                ADC_init10bit
                0x000009c4                getADCch5
                0x00000946                getADCch4
                0x00000994                getADCch2
                0x000009ae                getADCch3
 .text          0x000009f8        0x0 c:/winavr/bin/../lib/gcc/avr/4.3.3/avr5\libgcc.a(_udivmodqi4.o)
 .text          0x000009f8        0x0 c:/winavr/bin/../lib/gcc/avr/4.3.3/avr5\libgcc.a(_exit.o)
 .text          0x000009f8        0x0 c:/winavr/bin/../lib/gcc/avr/4.3.3/avr5\libgcc.a(_copy_data.o)
 .text          0x000009f8        0x0 c:/winavr/bin/../lib/gcc/avr/4.3.3/avr5\libgcc.a(_clear_bss.o)
                0x000009f8                . = ALIGN (0x2)
 *(.text.*)
 .text.libgcc   0x000009f8       0x18 c:/winavr/bin/../lib/gcc/avr/4.3.3/avr5\libgcc.a(_udivmodqi4.o)
                0x000009f8                __udivmodqi4
 .text.libgcc   0x00000a10        0x0 c:/winavr/bin/../lib/gcc/avr/4.3.3/avr5\libgcc.a(_exit.o)
 .text.libgcc   0x00000a10        0x0 c:/winavr/bin/../lib/gcc/avr/4.3.3/avr5\libgcc.a(_copy_data.o)
 .text.libgcc   0x00000a10        0x0 c:/winavr/bin/../lib/gcc/avr/4.3.3/avr5\libgcc.a(_clear_bss.o)
                0x00000a10                . = ALIGN (0x2)
 *(.fini9)
 .fini9         0x00000a10        0x0 c:/winavr/bin/../lib/gcc/avr/4.3.3/avr5\libgcc.a(_exit.o)
                0x00000a10                exit
                0x00000a10                _exit
 *(.fini9)
 *(.fini8)
 *(.fini8)
 *(.fini7)
 *(.fini7)
 *(.fini6)
 *(.fini6)
 *(.fini5)
 *(.fini5)
 *(.fini4)
 *(.fini4)
 *(.fini3)
 *(.fini3)
 *(.fini2)
 *(.fini2)
 *(.fini1)
 *(.fini1)
 *(.fini0)
 .fini0         0x00000a10        0x4 c:/winavr/bin/../lib/gcc/avr/4.3.3/avr5\libgcc.a(_exit.o)
 *(.fini0)
                0x00000a14                _etext = .

.data           0x00800060      0x21c load address 0x00000a14
                0x00800060                PROVIDE (__data_start, .)
 *(.data)
 .data          0x00800060        0x0 c:/winavr/bin/../lib/gcc/avr/4.3.3/../../../../avr/lib/avr5/crtm16.o
 .data          0x00800060      0x21c traktor2012v000010.o
                0x00800276                CR
                0x0080027b                Buffersize
                0x00800277                PWMvalue
                0x00800279                PWMfreq
                0x00800275                LF
 .data          0x0080027c        0x0 USART.o
 .data          0x0080027c        0x0 ADC.o
 .data          0x0080027c        0x0 c:/winavr/bin/../lib/gcc/avr/4.3.3/avr5\libgcc.a(_udivmodqi4.o)
 .data          0x0080027c        0x0 c:/winavr/bin/../lib/gcc/avr/4.3.3/avr5\libgcc.a(_exit.o)
 .data          0x0080027c        0x0 c:/winavr/bin/../lib/gcc/avr/4.3.3/avr5\libgcc.a(_copy_data.o)
 .data          0x0080027c        0x0 c:/winavr/bin/../lib/gcc/avr/4.3.3/avr5\libgcc.a(_clear_bss.o)
 *(.data*)
 *(.rodata)
 *(.rodata*)
 *(.gnu.linkonce.d*)
                0x0080027c                . = ALIGN (0x2)
                0x0080027c                _edata = .
                0x0080027c                PROVIDE (__data_end, .)

.bss            0x0080027c       0x2a
                0x0080027c                PROVIDE (__bss_start, .)
 *(.bss)
 .bss           0x0080027c        0x0 c:/winavr/bin/../lib/gcc/avr/4.3.3/../../../../avr/lib/avr5/crtm16.o
 .bss           0x0080027c       0x1a traktor2012v000010.o
                0x0080028b                UART_Counter
                0x00800287                Motor_Value
                0x0080027e                Overflowteller
                0x0080028d                UART_Command_Received
                0x00800281                PWM_Status
                0x00800283                Motor_Target
                0x0080028c                UART_Rx_OK
                0x0080027c                dacverdi
                0x00800280                Overflowed
                0x0080028e                PORT_Status
 .bss           0x00800296        0x0 USART.o
 .bss           0x00800296        0x0 ADC.o
 .bss           0x00800296        0x0 c:/winavr/bin/../lib/gcc/avr/4.3.3/avr5\libgcc.a(_udivmodqi4.o)
 .bss           0x00800296        0x0 c:/winavr/bin/../lib/gcc/avr/4.3.3/avr5\libgcc.a(_exit.o)
 .bss           0x00800296        0x0 c:/winavr/bin/../lib/gcc/avr/4.3.3/avr5\libgcc.a(_copy_data.o)
 .bss           0x00800296        0x0 c:/winavr/bin/../lib/gcc/avr/4.3.3/avr5\libgcc.a(_clear_bss.o)
 *(.bss*)
 *(COMMON)
 COMMON         0x00800296       0x10 traktor2012v000010.o
                0x00800296                DAC_Buf
                0x00800299                UART_Rx_Buf
                0x0080029e                Unfiltered_values
                0x008002a6                PROVIDE (__bss_end, .)
                0x00000a14                __data_load_start = LOADADDR (.data)
                0x00000c30                __data_load_end = (__data_load_start + SIZEOF (.data))

.noinit         0x008002a6        0x0
                0x008002a6                PROVIDE (__noinit_start, .)
 *(.noinit*)
                0x008002a6                PROVIDE (__noinit_end, .)
                0x008002a6                _end = .
                0x008002a6                PROVIDE (__heap_start, .)

.eeprom         0x00810000        0x0
 *(.eeprom*)
                0x00810000                __eeprom_end = .

.fuse
 *(.fuse)
 *(.lfuse)
 *(.hfuse)
 *(.efuse)

.lock
 *(.lock*)

.signature
 *(.signature*)

.stab
 *(.stab)

.stabstr
 *(.stabstr)

.stab.excl
 *(.stab.excl)

.stab.exclstr
 *(.stab.exclstr)

.stab.index
 *(.stab.index)

.stab.indexstr
 *(.stab.indexstr)

.comment
 *(.comment)

.debug
 *(.debug)

.line
 *(.line)

.debug_srcinfo
 *(.debug_srcinfo)

.debug_sfnames
 *(.debug_sfnames)

.debug_aranges  0x00000000       0x60
 *(.debug_aranges)
 .debug_aranges
                0x00000000       0x20 traktor2012v000010.o
 .debug_aranges
                0x00000020       0x20 USART.o
 .debug_aranges
                0x00000040       0x20 ADC.o

.debug_pubnames
                0x00000000      0x33b
 *(.debug_pubnames)
 .debug_pubnames
                0x00000000      0x1f0 traktor2012v000010.o
 .debug_pubnames
                0x000001f0       0xa9 USART.o
 .debug_pubnames
                0x00000299       0xa2 ADC.o

.debug_info     0x00000000      0x927
 *(.debug_info)
 .debug_info    0x00000000      0x4b6 traktor2012v000010.o
 .debug_info    0x000004b6      0x261 USART.o
 .debug_info    0x00000717      0x210 ADC.o
 *(.gnu.linkonce.wi.*)

.debug_abbrev   0x00000000      0x38d
 *(.debug_abbrev)
 .debug_abbrev  0x00000000      0x1d2 traktor2012v000010.o
 .debug_abbrev  0x000001d2      0x121 USART.o
 .debug_abbrev  0x000002f3       0x9a ADC.o

.debug_line     0x00000000      0xfdb
 *(.debug_line)
 .debug_line    0x00000000      0x9ee traktor2012v000010.o
 .debug_line    0x000009ee      0x1bb USART.o
 .debug_line    0x00000ba9      0x432 ADC.o

.debug_frame    0x00000000      0x210
 *(.debug_frame)
 .debug_frame   0x00000000       0xe0 traktor2012v000010.o
 .debug_frame   0x000000e0       0x80 USART.o
 .debug_frame   0x00000160       0xb0 ADC.o

.debug_str      0x00000000      0x332
 *(.debug_str)
 .debug_str     0x00000000      0x21f traktor2012v000010.o
                                0x265 (size before relaxing)
 .debug_str     0x0000021f       0x9a USART.o
                                0x155 (size before relaxing)
 .debug_str     0x000002b9       0x79 ADC.o
                                0x12e (size before relaxing)

.debug_loc      0x00000000      0x20a
 *(.debug_loc)
 .debug_loc     0x00000000       0x69 traktor2012v000010.o
 .debug_loc     0x00000069       0xe3 USART.o
 .debug_loc     0x0000014c       0xbe ADC.o

.debug_macinfo
 *(.debug_macinfo)
OUTPUT(traktor2012v000010.elf elf32-avr)
LOAD linker stubs

.debug_ranges   0x00000000       0x18
 .debug_ranges  0x00000000       0x18 USART.o

Cross Reference Table

Symbol                                            File
ADC_init                                          ADC.o
                                                  traktor2012v000010.o
ADC_init10bit                                     ADC.o
Buffersize                                        traktor2012v000010.o
CR                                                traktor2012v000010.o
DAC                                               traktor2012v000010.o
DAC_Buf                                           traktor2012v000010.o
EEPROM_read                                       traktor2012v000010.o
EEPROM_write                                      traktor2012v000010.o
LF                                                traktor2012v000010.o
Motor_Target                                      traktor2012v000010.o
Motor_Value                                       traktor2012v000010.o
Overflowed                                        traktor2012v000010.o
Overflowteller                                    traktor2012v000010.o
PORT_Status                                       traktor2012v000010.o
PWM_Status                                        traktor2012v000010.o
PWMfreq                                           traktor2012v000010.o
PWMvalue                                          traktor2012v000010.o
Pause                                             traktor2012v000010.o
Received_Command                                  traktor2012v000010.o
SPI_MasterInit                                    traktor2012v000010.o
SPI_MasterTransmit                                traktor2012v000010.o
SPI_Transmit                                      traktor2012v000010.o
Term_Send_Buffer                                  USART.o
                                                  traktor2012v000010.o
Term_Send_Value_as_Digits                         USART.o
                                                  ADC.o
                                                  traktor2012v000010.o
UART_Command_Received                             traktor2012v000010.o
UART_Counter                                      traktor2012v000010.o
UART_Rx_Buf                                       traktor2012v000010.o
UART_Rx_OK                                        traktor2012v000010.o
USART_Getchar                                     USART.o
USART_Init                                        USART.o
                                                  traktor2012v000010.o
USART_Init_Getchar                                USART.o
USART_Transmit                                    USART.o
                                                  traktor2012v000010.o
USART_TransmitString                              USART.o
                                                  traktor2012v000010.o
Unfiltered_values                                 traktor2012v000010.o
__bad_interrupt                                   c:/winavr/bin/../lib/gcc/avr/4.3.3/../../../../avr/lib/avr5/crtm16.o
__bss_end                                         c:/winavr/bin/../lib/gcc/avr/4.3.3/avr5\libgcc.a(_clear_bss.o)
__bss_start                                       c:/winavr/bin/../lib/gcc/avr/4.3.3/avr5\libgcc.a(_clear_bss.o)
__data_end                                        c:/winavr/bin/../lib/gcc/avr/4.3.3/avr5\libgcc.a(_copy_data.o)
__data_load_start                                 c:/winavr/bin/../lib/gcc/avr/4.3.3/avr5\libgcc.a(_copy_data.o)
__data_start                                      c:/winavr/bin/../lib/gcc/avr/4.3.3/avr5\libgcc.a(_copy_data.o)
__do_clear_bss                                    c:/winavr/bin/../lib/gcc/avr/4.3.3/avr5\libgcc.a(_clear_bss.o)
                                                  traktor2012v000010.o
__do_copy_data                                    c:/winavr/bin/../lib/gcc/avr/4.3.3/avr5\libgcc.a(_copy_data.o)
                                                  traktor2012v000010.o
__heap_end                                        c:/winavr/bin/../lib/gcc/avr/4.3.3/../../../../avr/lib/avr5/crtm16.o
__init                                            c:/winavr/bin/../lib/gcc/avr/4.3.3/../../../../avr/lib/avr5/crtm16.o
__stack                                           c:/winavr/bin/../lib/gcc/avr/4.3.3/../../../../avr/lib/avr5/crtm16.o
__udivmodqi4                                      c:/winavr/bin/../lib/gcc/avr/4.3.3/avr5\libgcc.a(_udivmodqi4.o)
                                                  USART.o
__vector_1                                        c:/winavr/bin/../lib/gcc/avr/4.3.3/../../../../avr/lib/avr5/crtm16.o
__vector_10                                       c:/winavr/bin/../lib/gcc/avr/4.3.3/../../../../avr/lib/avr5/crtm16.o
__vector_11                                       traktor2012v000010.o
                                                  c:/winavr/bin/../lib/gcc/avr/4.3.3/../../../../avr/lib/avr5/crtm16.o
__vector_12                                       c:/winavr/bin/../lib/gcc/avr/4.3.3/../../../../avr/lib/avr5/crtm16.o
__vector_13                                       c:/winavr/bin/../lib/gcc/avr/4.3.3/../../../../avr/lib/avr5/crtm16.o
__vector_14                                       c:/winavr/bin/../lib/gcc/avr/4.3.3/../../../../avr/lib/avr5/crtm16.o
__vector_15                                       c:/winavr/bin/../lib/gcc/avr/4.3.3/../../../../avr/lib/avr5/crtm16.o
__vector_16                                       c:/winavr/bin/../lib/gcc/avr/4.3.3/../../../../avr/lib/avr5/crtm16.o
__vector_17                                       c:/winavr/bin/../lib/gcc/avr/4.3.3/../../../../avr/lib/avr5/crtm16.o
__vector_18                                       c:/winavr/bin/../lib/gcc/avr/4.3.3/../../../../avr/lib/avr5/crtm16.o
__vector_19                                       c:/winavr/bin/../lib/gcc/avr/4.3.3/../../../../avr/lib/avr5/crtm16.o
__vector_2                                        c:/winavr/bin/../lib/gcc/avr/4.3.3/../../../../avr/lib/avr5/crtm16.o
__vector_20                                       c:/winavr/bin/../lib/gcc/avr/4.3.3/../../../../avr/lib/avr5/crtm16.o
__vector_3                                        c:/winavr/bin/../lib/gcc/avr/4.3.3/../../../../avr/lib/avr5/crtm16.o
__vector_4                                        c:/winavr/bin/../lib/gcc/avr/4.3.3/../../../../avr/lib/avr5/crtm16.o
__vector_5                                        c:/winavr/bin/../lib/gcc/avr/4.3.3/../../../../avr/lib/avr5/crtm16.o
__vector_6                                        c:/winavr/bin/../lib/gcc/avr/4.3.3/../../../../avr/lib/avr5/crtm16.o
__vector_7                                        c:/winavr/bin/../lib/gcc/avr/4.3.3/../../../../avr/lib/avr5/crtm16.o
__vector_8                                        c:/winavr/bin/../lib/gcc/avr/4.3.3/../../../../avr/lib/avr5/crtm16.o
__vector_9                                        traktor2012v000010.o
                                                  c:/winavr/bin/../lib/gcc/avr/4.3.3/../../../../avr/lib/avr5/crtm16.o
__vector_default                                  c:/winavr/bin/../lib/gcc/avr/4.3.3/../../../../avr/lib/avr5/crtm16.o
__vectors                                         c:/winavr/bin/../lib/gcc/avr/4.3.3/../../../../avr/lib/avr5/crtm16.o
_exit                                             c:/winavr/bin/../lib/gcc/avr/4.3.3/avr5\libgcc.a(_exit.o)
dacverdi                                          traktor2012v000010.o
exit                                              c:/winavr/bin/../lib/gcc/avr/4.3.3/avr5\libgcc.a(_exit.o)
                                                  c:/winavr/bin/../lib/gcc/avr/4.3.3/../../../../avr/lib/avr5/crtm16.o
getADCch0                                         ADC.o
getADCch1                                         ADC.o
                                                  traktor2012v000010.o
getADCch2                                         ADC.o
                                                  traktor2012v000010.o
getADCch3                                         ADC.o
                                                  traktor2012v000010.o
getADCch4                                         ADC.o
                                                  traktor2012v000010.o
getADCch5                                         ADC.o
                                                  traktor2012v000010.o
initPWM                                           traktor2012v000010.o
initTimerOverflow                                 traktor2012v000010.o
main                                              traktor2012v000010.o
                                                  c:/winavr/bin/../lib/gcc/avr/4.3.3/../../../../avr/lib/avr5/crtm16.o
readADC                                           ADC.o
                                                  traktor2012v000010.o
readADC10bit                                      ADC.o
