   1               		.file	"USART.c"
   2               	__SREG__ = 0x3f
   3               	__SP_H__ = 0x3e
   4               	__SP_L__ = 0x3d
   5               	__CCP__  = 0x34
   6               	__tmp_reg__ = 0
   7               	__zero_reg__ = 1
  15               	.Ltext0:
  16               	.global	USART_Init
  18               	USART_Init:
  19               	.LFB2:
  20               	.LM1:
  21               	.LVL0:
  22               	/* prologue: function */
  23               	/* frame size = 0 */
  24               	.LM2:
  25 0000 90BD      		out 64-32,r25
  26               	.LVL1:
  27               	.LM3:
  28 0002 89B9      		out 41-32,r24
  29               	.LM4:
  30 0004 88E9      		ldi r24,lo8(-104)
  31               	.LVL2:
  32 0006 8AB9      		out 42-32,r24
  33               	/* epilogue start */
  34               	.LM5:
  35 0008 0895      		ret
  36               	.LFE2:
  38               	.global	USART_Init_Getchar
  40               	USART_Init_Getchar:
  41               	.LFB3:
  42               	.LM6:
  43               	.LVL3:
  44               	/* prologue: function */
  45               	/* frame size = 0 */
  46               	.LM7:
  47 000a 90BD      		out 64-32,r25
  48               	.LVL4:
  49               	.LM8:
  50 000c 89B9      		out 41-32,r24
  51               	.LM9:
  52 000e 88E1      		ldi r24,lo8(24)
  53               	.LVL5:
  54 0010 8AB9      		out 42-32,r24
  55               	/* epilogue start */
  56               	.LM10:
  57 0012 0895      		ret
  58               	.LFE3:
  60               	.global	Term_Send_Buffer
  62               	Term_Send_Buffer:
  63               	.LFB4:
  64               	.LM11:
  65               	.LVL6:
  66               	/* prologue: function */
  67               	/* frame size = 0 */
  68               	.LM12:
  69 0014 20E0      		ldi r18,lo8(0)
  70 0016 30E0      		ldi r19,hi8(0)
  71               	.LVL7:
  72               	.LM13:
  73 0018 70E0      		ldi r23,lo8(0)
  74               	.LVL8:
  75 001a 00C0      		rjmp .L6
  76               	.L8:
  77               	.LM14:
  78 001c FC01      		movw r30,r24
  79 001e E20F      		add r30,r18
  80 0020 F31F      		adc r31,r19
  81 0022 E081      		ld r30,Z
  82               	.L7:
  83               	.LBB16:
  84               	.LBB17:
  85               	.LM15:
  86 0024 5D9B      		sbis 43-32,5
  87 0026 00C0      		rjmp .L7
  88               	.LM16:
  89 0028 ECB9      		out 44-32,r30
  90               	.LBE17:
  91               	.LBE16:
  92               	.LM17:
  93 002a 2F5F      		subi r18,lo8(-(1))
  94 002c 3F4F      		sbci r19,hi8(-(1))
  95               	.L6:
  96 002e 2617      		cp r18,r22
  97 0030 3707      		cpc r19,r23
  98 0032 04F0      		brlt .L8
  99               	/* epilogue start */
 100               	.LM18:
 101 0034 0895      		ret
 102               	.LFE4:
 104               	.global	Term_Send_Value_as_Digits
 106               	Term_Send_Value_as_Digits:
 107               	.LFB5:
 108               	.LM19:
 109               	.LVL9:
 110               	/* prologue: function */
 111               	/* frame size = 0 */
 112 0036 282F      		mov r18,r24
 113               	.LM20:
 114 0038 64E6      		ldi r22,lo8(100)
 115 003a 0E94 0000 		call __udivmodqi4
 116               	.LVL10:
 117 003e 392F      		mov r19,r25
 118               	.LVL11:
 119 0040 822F      		mov r24,r18
 120 0042 0E94 0000 		call __udivmodqi4
 121 0046 805D      		subi r24,lo8(-(48))
 122               	.LVL12:
 123               	.L12:
 124               	.LBB18:
 125               	.LBB19:
 126               	.LM21:
 127 0048 5D9B      		sbis 43-32,5
 128 004a 00C0      		rjmp .L12
 129               	.LM22:
 130 004c 8CB9      		out 44-32,r24
 131 004e 832F      		mov r24,r19
 132               	.LVL13:
 133 0050 6AE0      		ldi r22,lo8(10)
 134 0052 0E94 0000 		call __udivmodqi4
 135 0056 282F      		mov r18,r24
 136               	.LVL14:
 137 0058 205D      		subi r18,lo8(-(48))
 138 005a 832F      		mov r24,r19
 139 005c 0E94 0000 		call __udivmodqi4
 140               	.L13:
 141               	.LBE19:
 142               	.LBE18:
 143               	.LBB20:
 144               	.LBB21:
 145               	.LM23:
 146 0060 5D9B      		sbis 43-32,5
 147 0062 00C0      		rjmp .L13
 148               	.LM24:
 149 0064 2CB9      		out 44-32,r18
 150               	.L14:
 151               	.LBE21:
 152               	.LBE20:
 153               	.LBB22:
 154               	.LBB23:
 155               	.LM25:
 156 0066 5D9B      		sbis 43-32,5
 157 0068 00C0      		rjmp .L14
 158               	.LBE23:
 159               	.LBE22:
 160               	.LM26:
 161 006a 905D      		subi r25,lo8(-(48))
 162               	.LVL15:
 163               	.LBB25:
 164               	.LBB24:
 165               	.LM27:
 166 006c 9CB9      		out 44-32,r25
 167               	/* epilogue start */
 168               	.LBE24:
 169               	.LBE25:
 170               	.LM28:
 171 006e 0895      		ret
 172               	.LFE5:
 174               	.global	USART_Transmit
 176               	USART_Transmit:
 177               	.LFB6:
 178               	.LM29:
 179               	/* prologue: function */
 180               	/* frame size = 0 */
 181               	.LVL16:
 182               	.L20:
 183               	.LM30:
 184 0070 5D9B      		sbis 43-32,5
 185 0072 00C0      		rjmp .L20
 186               	.LM31:
 187 0074 8CB9      		out 44-32,r24
 188               	/* epilogue start */
 189               	.LM32:
 190 0076 0895      		ret
 191               	.LFE6:
 193               	.global	USART_TransmitString
 195               	USART_TransmitString:
 196               	.LFB7:
 197               	.LM33:
 198               	.LVL17:
 199               	/* prologue: function */
 200               	/* frame size = 0 */
 201 0078 FC01      		movw r30,r24
 202 007a 00C0      		rjmp .L24
 203               	.LVL18:
 204               	.L30:
 205               	.LBB26:
 206               	.LBB27:
 207               	.LM34:
 208 007c 5D9B      		sbis 43-32,5
 209 007e 00C0      		rjmp .L30
 210               	.LM35:
 211 0080 8CB9      		out 44-32,r24
 212               	.LBE27:
 213               	.LBE26:
 214               	.LM36:
 215 0082 3196      		adiw r30,1
 216               	.LVL19:
 217               	.L24:
 218               	.LM37:
 219 0084 8081      		ld r24,Z
 220 0086 8823      		tst r24
 221 0088 01F4      		brne .L30
 222               	.L29:
 223               	.LBB28:
 224               	.LBB29:
 225               	.LM38:
 226 008a 5D9B      		sbis 43-32,5
 227 008c 00C0      		rjmp .L29
 228               	.LM39:
 229 008e 8AE0      		ldi r24,lo8(10)
 230 0090 8CB9      		out 44-32,r24
 231               	.L27:
 232               	.LBE29:
 233               	.LBE28:
 234               	.LBB30:
 235               	.LBB31:
 236               	.LM40:
 237 0092 5D9B      		sbis 43-32,5
 238 0094 00C0      		rjmp .L27
 239               	.LM41:
 240 0096 8DE0      		ldi r24,lo8(13)
 241 0098 8CB9      		out 44-32,r24
 242               	/* epilogue start */
 243               	.LBE31:
 244               	.LBE30:
 245               	.LM42:
 246 009a 0895      		ret
 247               	.LFE7:
 249               	.global	USART_Getchar
 251               	USART_Getchar:
 252               	.LFB8:
 253               	.LM43:
 254               	/* prologue: function */
 255               	/* frame size = 0 */
 256               	.L35:
 257               	.LM44:
 258 009c 5F9B      		sbis 43-32,7
 259 009e 00C0      		rjmp .L35
 260               	.LM45:
 261 00a0 8CB1      		in r24,44-32
 262               	/* epilogue start */
 263               	.LM46:
 264 00a2 0895      		ret
 265               	.LFE8:
 339               	.Letext0:
DEFINED SYMBOLS
                            *ABS*:00000000 USART.c
C:\DOCUME~1\tej\LOCALS~1\Temp/ccTVAbD6.s:2      *ABS*:0000003f __SREG__
C:\DOCUME~1\tej\LOCALS~1\Temp/ccTVAbD6.s:3      *ABS*:0000003e __SP_H__
C:\DOCUME~1\tej\LOCALS~1\Temp/ccTVAbD6.s:4      *ABS*:0000003d __SP_L__
C:\DOCUME~1\tej\LOCALS~1\Temp/ccTVAbD6.s:5      *ABS*:00000034 __CCP__
C:\DOCUME~1\tej\LOCALS~1\Temp/ccTVAbD6.s:6      *ABS*:00000000 __tmp_reg__
C:\DOCUME~1\tej\LOCALS~1\Temp/ccTVAbD6.s:7      *ABS*:00000001 __zero_reg__
C:\DOCUME~1\tej\LOCALS~1\Temp/ccTVAbD6.s:18     .text:00000000 USART_Init
C:\DOCUME~1\tej\LOCALS~1\Temp/ccTVAbD6.s:40     .text:0000000a USART_Init_Getchar
C:\DOCUME~1\tej\LOCALS~1\Temp/ccTVAbD6.s:62     .text:00000014 Term_Send_Buffer
C:\DOCUME~1\tej\LOCALS~1\Temp/ccTVAbD6.s:106    .text:00000036 Term_Send_Value_as_Digits
C:\DOCUME~1\tej\LOCALS~1\Temp/ccTVAbD6.s:176    .text:00000070 USART_Transmit
C:\DOCUME~1\tej\LOCALS~1\Temp/ccTVAbD6.s:195    .text:00000078 USART_TransmitString
C:\DOCUME~1\tej\LOCALS~1\Temp/ccTVAbD6.s:251    .text:0000009c USART_Getchar

UNDEFINED SYMBOLS
__udivmodqi4
